#-----------------------------------------------------------
# Vivado v2021.2 (64-bit)
# SW Build 3367213 on Tue Oct 19 02:48:09 MDT 2021
# IP Build 3369179 on Thu Oct 21 08:25:16 MDT 2021
# Start of session at: Thu Apr 28 20:20:51 2022
# Process ID: 13100
# Current directory: C:/Digital electronics 1/Morse-code-receiver-ie-converter-ofMorse-code-to-characters-numbers/projekt4/project_4/project_4.runs/synth_1
# Command line: vivado.exe -log top.vds -product Vivado -mode batch -messageDb vivado.pb -notrace -source top.tcl
# Log file: C:/Digital electronics 1/Morse-code-receiver-ie-converter-ofMorse-code-to-characters-numbers/projekt4/project_4/project_4.runs/synth_1/top.vds
# Journal file: C:/Digital electronics 1/Morse-code-receiver-ie-converter-ofMorse-code-to-characters-numbers/projekt4/project_4/project_4.runs/synth_1\vivado.jou
# Running On: LAPTOP-2256P69N, OS: Windows, CPU Frequency: 2400 MHz, CPU Physical cores: 4, Host memory: 17054 MB
#-----------------------------------------------------------
source top.tcl -notrace
