#-----------------------------------------------------------
# Vivado v2021.2 (64-bit)
# SW Build 3367213 on Tue Oct 19 02:48:09 MDT 2021
# IP Build 3369179 on Thu Oct 21 08:25:16 MDT 2021
# Start of session at: Thu Apr 28 20:03:40 2022
# Process ID: 19784
# Current directory: C:/Digital electronics 1/Morse-code-receiver-ie-converter-ofMorse-code-to-characters-numbers/projekt4/project_4
# Command line: vivado.exe -gui_launcher_event rodinguilauncherevent12640 C:\Digital electronics 1\Morse-code-receiver-ie-converter-ofMorse-code-to-characters-numbers\projekt4\project_4\project_4.xpr
# Log file: C:/Digital electronics 1/Morse-code-receiver-ie-converter-ofMorse-code-to-characters-numbers/projekt4/project_4/vivado.log
# Journal file: C:/Digital electronics 1/Morse-code-receiver-ie-converter-ofMorse-code-to-characters-numbers/projekt4/project_4\vivado.jou
# Running On: LAPTOP-2256P69N, OS: Windows, CPU Frequency: 2400 MHz, CPU Physical cores: 4, Host memory: 17054 MB
#-----------------------------------------------------------
start_gui
open_project {C:/Digital electronics 1/Morse-code-receiver-ie-converter-ofMorse-code-to-characters-numbers/projekt4/project_4/project_4.xpr}
upgrade_project -migrate_output_products
update_compile_order -fileset sources_1
update_compile_order -fileset sim_1
