Copyright 1986-2020 Xilinx, Inc. All Rights Reserved.
-----------------------------------------------------------------------------------------------------------------------------------------------
| Tool Version : Vivado v.2020.1 (win64) Build 2902540 Wed May 27 19:54:49 MDT 2020
| Date         : Thu Apr 28 16:23:18 2022
| Host         : PC-635 running 64-bit major release  (build 9200)
| Command      : report_methodology -file top_methodology_drc_routed.rpt -pb top_methodology_drc_routed.pb -rpx top_methodology_drc_routed.rpx
| Design       : top
| Device       : xc7a50ticsg324-1L
| Speed File   : -1L
| Design State : Fully Routed
-----------------------------------------------------------------------------------------------------------------------------------------------

Report Methodology

Table of Contents
-----------------
1. REPORT SUMMARY
2. REPORT DETAILS

1. REPORT SUMMARY
-----------------
            Netlist: netlist
          Floorplan: design_1
      Design limits: <entire design considered>
             Max violations: <unlimited>
             Violations found: 45
+-----------+----------+-------------------------------+------------+
| Rule      | Severity | Description                   | Violations |
+-----------+----------+-------------------------------+------------+
| LUTAR-1   | Warning  | LUT drives async reset alert  | 3          |
| TIMING-18 | Warning  | Missing input or output delay | 4          |
| TIMING-20 | Warning  | Non-clocked latch             | 38         |
+-----------+----------+-------------------------------+------------+

2. REPORT DETAILS
-----------------
LUTAR-1#1 Warning
LUT drives async reset alert  
LUT cell decoder/LED_reg[13]_i_1, with 2 or more inputs, drives asynchronous preset/clear pin(s) decoder/LED_reg[0]/CLR, decoder/LED_reg[10]/CLR, decoder/LED_reg[12]/CLR,
decoder/LED_reg[13]/CLR, decoder/LED_reg[1]/CLR, decoder/LED_reg[3]/CLR,
decoder/LED_reg[4]/CLR, decoder/LED_reg[6]/CLR, decoder/LED_reg[7]/CLR,
decoder/LED_reg[9]/CLR, decoder/s_cnt_char_reg[0]/CLR,
decoder/s_cnt_char_reg[1]/CLR, decoder/s_cnt_char_reg[2]/CLR. The LUT may glitch and trigger an unexpected reset, even if it is a properly timed path.
Related violations: <none>

LUTAR-1#2 Warning
LUT drives async reset alert  
LUT cell decoder/s_led_reg[0]_i_1, with 2 or more inputs, drives asynchronous preset/clear pin(s) decoder/s_led_reg[0]/PRE. The LUT may glitch and trigger an unexpected reset, even if it is a properly timed path.
Related violations: <none>

LUTAR-1#3 Warning
LUT drives async reset alert  
LUT cell decoder/seg_o_reg_i_2, with 2 or more inputs, drives asynchronous preset/clear pin(s) decoder/seg_o_reg/PRE. The LUT may glitch and trigger an unexpected reset, even if it is a properly timed path.
Related violations: <none>

TIMING-18#1 Warning
Missing input or output delay  
An input delay is missing on BTNC relative to clock(s) sys_clk_pin
Related violations: <none>

TIMING-18#2 Warning
Missing input or output delay  
An input delay is missing on BTNL relative to clock(s) sys_clk_pin
Related violations: <none>

TIMING-18#3 Warning
Missing input or output delay  
An input delay is missing on BTNR relative to clock(s) sys_clk_pin
Related violations: <none>

TIMING-18#4 Warning
Missing input or output delay  
An input delay is missing on BTNU relative to clock(s) sys_clk_pin
Related violations: <none>

TIMING-20#1 Warning
Non-clocked latch  
The latch decoder/LED_reg[0] cannot be properly analyzed as its control pin decoder/LED_reg[0]/G is not reached by a timing clock
Related violations: <none>

TIMING-20#2 Warning
Non-clocked latch  
The latch decoder/LED_reg[10] cannot be properly analyzed as its control pin decoder/LED_reg[10]/G is not reached by a timing clock
Related violations: <none>

TIMING-20#3 Warning
Non-clocked latch  
The latch decoder/LED_reg[12] cannot be properly analyzed as its control pin decoder/LED_reg[12]/G is not reached by a timing clock
Related violations: <none>

TIMING-20#4 Warning
Non-clocked latch  
The latch decoder/LED_reg[13] cannot be properly analyzed as its control pin decoder/LED_reg[13]/G is not reached by a timing clock
Related violations: <none>

TIMING-20#5 Warning
Non-clocked latch  
The latch decoder/LED_reg[1] cannot be properly analyzed as its control pin decoder/LED_reg[1]/G is not reached by a timing clock
Related violations: <none>

TIMING-20#6 Warning
Non-clocked latch  
The latch decoder/LED_reg[3] cannot be properly analyzed as its control pin decoder/LED_reg[3]/G is not reached by a timing clock
Related violations: <none>

TIMING-20#7 Warning
Non-clocked latch  
The latch decoder/LED_reg[4] cannot be properly analyzed as its control pin decoder/LED_reg[4]/G is not reached by a timing clock
Related violations: <none>

TIMING-20#8 Warning
Non-clocked latch  
The latch decoder/LED_reg[6] cannot be properly analyzed as its control pin decoder/LED_reg[6]/G is not reached by a timing clock
Related violations: <none>

TIMING-20#9 Warning
Non-clocked latch  
The latch decoder/LED_reg[7] cannot be properly analyzed as its control pin decoder/LED_reg[7]/G is not reached by a timing clock
Related violations: <none>

TIMING-20#10 Warning
Non-clocked latch  
The latch decoder/LED_reg[9] cannot be properly analyzed as its control pin decoder/LED_reg[9]/G is not reached by a timing clock
Related violations: <none>

TIMING-20#11 Warning
Non-clocked latch  
The latch decoder/s_cnt_char_reg[0] cannot be properly analyzed as its control pin decoder/s_cnt_char_reg[0]/G is not reached by a timing clock
Related violations: <none>

TIMING-20#12 Warning
Non-clocked latch  
The latch decoder/s_cnt_char_reg[1] cannot be properly analyzed as its control pin decoder/s_cnt_char_reg[1]/G is not reached by a timing clock
Related violations: <none>

TIMING-20#13 Warning
Non-clocked latch  
The latch decoder/s_cnt_char_reg[2] cannot be properly analyzed as its control pin decoder/s_cnt_char_reg[2]/G is not reached by a timing clock
Related violations: <none>

TIMING-20#14 Warning
Non-clocked latch  
The latch decoder/s_led_reg[0] cannot be properly analyzed as its control pin decoder/s_led_reg[0]/G is not reached by a timing clock
Related violations: <none>

TIMING-20#15 Warning
Non-clocked latch  
The latch decoder/s_led_reg[1]/L7 (in decoder/s_led_reg[1] macro) cannot be properly analyzed as its control pin decoder/s_led_reg[1]/L7/G is not reached by a timing clock
Related violations: <none>

TIMING-20#16 Warning
Non-clocked latch  
The latch decoder/seg_o_reg cannot be properly analyzed as its control pin decoder/seg_o_reg/G is not reached by a timing clock
Related violations: <none>

TIMING-20#17 Warning
Non-clocked latch  
The latch decoder/shift_led_reg[0] cannot be properly analyzed as its control pin decoder/shift_led_reg[0]/G is not reached by a timing clock
Related violations: <none>

TIMING-20#18 Warning
Non-clocked latch  
The latch decoder/shift_led_reg[10] cannot be properly analyzed as its control pin decoder/shift_led_reg[10]/G is not reached by a timing clock
Related violations: <none>

TIMING-20#19 Warning
Non-clocked latch  
The latch decoder/shift_led_reg[12] cannot be properly analyzed as its control pin decoder/shift_led_reg[12]/G is not reached by a timing clock
Related violations: <none>

TIMING-20#20 Warning
Non-clocked latch  
The latch decoder/shift_led_reg[13] cannot be properly analyzed as its control pin decoder/shift_led_reg[13]/G is not reached by a timing clock
Related violations: <none>

TIMING-20#21 Warning
Non-clocked latch  
The latch decoder/shift_led_reg[1] cannot be properly analyzed as its control pin decoder/shift_led_reg[1]/G is not reached by a timing clock
Related violations: <none>

TIMING-20#22 Warning
Non-clocked latch  
The latch decoder/shift_led_reg[3] cannot be properly analyzed as its control pin decoder/shift_led_reg[3]/G is not reached by a timing clock
Related violations: <none>

TIMING-20#23 Warning
Non-clocked latch  
The latch decoder/shift_led_reg[4] cannot be properly analyzed as its control pin decoder/shift_led_reg[4]/G is not reached by a timing clock
Related violations: <none>

TIMING-20#24 Warning
Non-clocked latch  
The latch decoder/shift_led_reg[6] cannot be properly analyzed as its control pin decoder/shift_led_reg[6]/G is not reached by a timing clock
Related violations: <none>

TIMING-20#25 Warning
Non-clocked latch  
The latch decoder/shift_led_reg[7] cannot be properly analyzed as its control pin decoder/shift_led_reg[7]/G is not reached by a timing clock
Related violations: <none>

TIMING-20#26 Warning
Non-clocked latch  
The latch decoder/shift_led_reg[9] cannot be properly analyzed as its control pin decoder/shift_led_reg[9]/G is not reached by a timing clock
Related violations: <none>

TIMING-20#27 Warning
Non-clocked latch  
The latch decoder/shift_reg_reg[0] cannot be properly analyzed as its control pin decoder/shift_reg_reg[0]/G is not reached by a timing clock
Related violations: <none>

TIMING-20#28 Warning
Non-clocked latch  
The latch decoder/shift_reg_reg[1] cannot be properly analyzed as its control pin decoder/shift_reg_reg[1]/G is not reached by a timing clock
Related violations: <none>

TIMING-20#29 Warning
Non-clocked latch  
The latch decoder/shift_reg_reg[2] cannot be properly analyzed as its control pin decoder/shift_reg_reg[2]/G is not reached by a timing clock
Related violations: <none>

TIMING-20#30 Warning
Non-clocked latch  
The latch decoder/shift_reg_reg[3] cannot be properly analyzed as its control pin decoder/shift_reg_reg[3]/G is not reached by a timing clock
Related violations: <none>

TIMING-20#31 Warning
Non-clocked latch  
The latch decoder/shift_reg_reg[4] cannot be properly analyzed as its control pin decoder/shift_reg_reg[4]/G is not reached by a timing clock
Related violations: <none>

TIMING-20#32 Warning
Non-clocked latch  
The latch hex7seg/seg2_o_reg[0] cannot be properly analyzed as its control pin hex7seg/seg2_o_reg[0]/G is not reached by a timing clock
Related violations: <none>

TIMING-20#33 Warning
Non-clocked latch  
The latch hex7seg/seg2_o_reg[1] cannot be properly analyzed as its control pin hex7seg/seg2_o_reg[1]/G is not reached by a timing clock
Related violations: <none>

TIMING-20#34 Warning
Non-clocked latch  
The latch hex7seg/seg2_o_reg[2] cannot be properly analyzed as its control pin hex7seg/seg2_o_reg[2]/G is not reached by a timing clock
Related violations: <none>

TIMING-20#35 Warning
Non-clocked latch  
The latch hex7seg/seg2_o_reg[3] cannot be properly analyzed as its control pin hex7seg/seg2_o_reg[3]/G is not reached by a timing clock
Related violations: <none>

TIMING-20#36 Warning
Non-clocked latch  
The latch hex7seg/seg2_o_reg[4] cannot be properly analyzed as its control pin hex7seg/seg2_o_reg[4]/G is not reached by a timing clock
Related violations: <none>

TIMING-20#37 Warning
Non-clocked latch  
The latch hex7seg/seg2_o_reg[5] cannot be properly analyzed as its control pin hex7seg/seg2_o_reg[5]/G is not reached by a timing clock
Related violations: <none>

TIMING-20#38 Warning
Non-clocked latch  
The latch hex7seg/seg2_o_reg[6] cannot be properly analyzed as its control pin hex7seg/seg2_o_reg[6]/G is not reached by a timing clock
Related violations: <none>


